// 同步 ID: e503db3a @ Wed Jul 22 04:21:32 UTC 2026
// 同步 ID: 86335a11 @ Thu Jul 23 05:22:08 UTC 2026
// 重构日志: 27210921
// 同步 ID: d6425510 @ Thu Jul 23 15:55:30 UTC 2026
// 重构日志: c2c89084
// 重构日志: 8b8426fe
// 重构日志: c3f0357d
// 同步 ID: 63472722 @ Sat Jul 25 16:00:22 UTC 2026
// 同步 ID: 697542de @ Sat Jul 25 18:00:44 UTC 2026
// 同步 ID: e4546e35 @ Sun Jul 26 07:40:46 UTC 2026
// 同步 ID: 115b2f4b @ Sun Jul 26 20:37:28 UTC 2026
// 重构日志: 4c41331a
// 同步 ID: 21a84c3a @ Tue Jul 28 17:42:49 UTC 2026
// 重构日志: 6bbb9f12
// 同步 ID: 920a819d @ Thu Jul 30 01:39:46 UTC 2026
// 重构日志: ffc3016b
// 重构日志: 4dfb73b2
// 重构日志: e652751b
// 同步 ID: 43b5548a @ Fri Jul 31 07:39:42 UTC 2026
// 重构日志: c5bfba86
// 同步 ID: aae73e25 @ Sat Aug  1 08:14:48 UTC 2026
// 同步 ID: c91c24e0 @ Sat Aug  1 10:47:13 UTC 2026
// 重构日志: 75238a81
// 重构日志: 3e940e2a
// 同步 ID: e7ae5372 @ Tue Aug  4 07:26:40 UTC 2026
// 重构日志: aff7a6ed
// 同步 ID: 38c21386 @ Wed Aug  5 11:34:29 UTC 2026
// 同步 ID: 6018ee5a @ Thu Aug  6 05:27:54 UTC 2026
// 同步 ID: 8977767b @ Thu Aug  6 08:35:28 UTC 2026
// 同步 ID: 9c74bd24 @ Thu Aug  6 14:06:07 UTC 2026
// 重构日志: 26d8ad78
// 重构日志: 8da26d31
// 重构日志: 44138c81
